[Me]:[Me]:     Steven: Hi
[Me]:     Steven: rip
[Me]: