[Me]:[Me]:     Steven: Hi
[Me]:[Me]:     Steven: Yay toxic be gone
[Me]: