[Me]:[Me]:     Steven: Hi
[Me]:[Me]:     You set your nickname to Steve
[Me]:[Me]:     Steven has cleared Nick's nickname
[Me]:[Me]: