[Me]:     Nick has joined
[Me]:     Nick: Hi
[Me]:[Me]:     Nick set Nick's nickname to Steve
[Me]:     Steve: ok
[Me]:[Me]:     You have cleared Nick's nickname
[Me]:     Nick: boo
[Me]:     Nick has left
[Me]: