[Me]:     ZhouYing has joined
[Me]:     ChunXing has joined
[Me]:     GaoPin has joined
[Me]:     ShenXingyi has joined
[Me]:     ShenXingyi: hi
[Me]:     GaoPin: hallo
[Me]:     GaoPin set ShenXingyi's nickname to ChenXiao
[Me]:     ChenXiao:Hi!
[Me]:     GaoPin changed their name to ShaoDongjia
[Me]:     ShaoDongjia:This is my new name.
[Me]:     ZhouYing:......
[Me]:     ShenXingyi set ShenXingyi's nickname to Hallo
[Me]:     Hallo:hi
[Me]:     ZhouYing set ZhouYing's nickname to SunLi
[Me]:     SunLi:lalala
[Me]:     ZhouYing has cleared ZhouYing's nickname
[Me]:     ZhouYing has cleared ShenXingyi's nickname
[Me]:[Me]:     Incorrect arguments for mute command
[Me]:[Me]:     User ShenXingyi is now muted
[Me]:[Me]:     User ZhouYing
[Me]:     User has no nickname
[Me]:     User is not muted
[Me]:[Me]:     User ShenXingyi
[Me]:     User has no nickname
[Me]:     User is muted
[Me]:[Me]:     User ChunXing is now muted
[Me]:[Me]:[Me]:     User ShenXingyi
[Me]:     User has no nickname
[Me]:     User is muted
[Me]:     ShaoDongjia:HAHAHA***~~
[Me]:[Me]:     Incorrect arguments for unmute command
[Me]:     ShaoDongjia:Whole Almonds.
[Me]:     ShaoDongjia set ShenXingyi's nickname to ErShaoYe
[Me]:     ShaoDongjia:talk talk talk bia bia bia
[Me]:[Me]:     User ShenXingyi is no longer muted
[Me]:     ErShaoYe:FRESHLY HARVESTED FROM FAMILY IN CALIFORNIA
[Me]:     ShaoDongjia has left
[Me]:     ErShaoYe:^_^
[Me]:     ShenXingyi has left
[Me]:     ZhouYing has left
[Me]:     Server has disconnected
