[Me]:     10 has joined
[Me]:     8 has joined
[Me]:     7 has joined
[Me]:     6 has joined
[Me]:     5 has joined
[Me]:     4 has joined
[Me]:     3 has joined
[Me]:     2 has joined
[Me]:     1 has joined
[Me]:     1:Hi
[Me]:     2:  Hallo
[Me]:     3 set 3's nickname to three
[Me]:     4 has cleared 3's nickname
[Me]:     6 has left
[Me]:     7:hi
[Me]:     8:hi
[Me]:     8:hi
[Me]:[Me]:     Server has disconnected
