[Me]:     3 has joined
[Me]:     2 has joined
[Me]:     1 has joined
[Me]:     1:Hi
[Me]:     2:  Hallo
[Me]:     3 set 3's nickname to three
[Me]:[Me]:     You have cleared 3's nickname
[Me]:     6 has left
[Me]:     7:hi
[Me]:     8:hi
[Me]:[Me]:     User 3
[Me]:     User has no nickname
[Me]:     User is not muted
[Me]:     8:hi
[Me]:     Server has disconnected
