[Me]:     GaoPin has joined
[Me]:     ShenXingyi has joined
[Me]:     ShenXingyi:Hi
[Me]:     GaoPin set ShenXingyi's nickname to ChenXiao
[Me]:     ChenXiao:Hi!
[Me]:[Me]:     Incorrect arguments for set_nickname command
[Me]:[Me]:     ShenXingyi set ShenXingyi's nickname to Hallo
[Me]:     Hallo:hi
[Me]:     ShenXingyi changed their name to ChenXiao
[Me]:     Hallo:Why...
[Me]:     GaoPin changed their name to ShaoDongjia
[Me]:     ShaoDongjia:This is my new name.
[Me]:[Me]:     ChenXiao has cleared ChenXiao's nickname
[Me]:     ChenXiao:Hi
[Me]:[Me]:     You have left
