[Me]:[Me]:     GaoPin: hallo
[Me]:     ZhaoBaishi:It's a nice day, isn't it?
[Me]:     ChunXing:Yes.
[Me]:[Me]:     GaoPin:HAHAHA***~~
[Me]:     GaoPin:Whole Almonds.
[Me]:     GaoPin set ShenXingyi's nickname to ErShaoYe
[Me]:     GaoPin set GaoPin's nickname to ShaoDongjia
[Me]:     ShaoDongjia:talk talk talk bia bia bia
[Me]:[Me]:[Me]:     GaoPin has left
[Me]:     ChunXing:Ah!
[Me]:[Me]:[Me]:     You have left
