[Me]:     Nick has joined
[Me]:     Nick: Hi Steven
[Me]:[Me]:[Me]:     Nick: I hope we pass
[Me]:     Server has disconnected
