[Me]:     MiShu has joined
[Me]:     MiYue has joined
[Me]:     MiShu set MiShu's nickname to HuangHou
[Me]:[Me]:     Incorrect arguments for clear_nickname command
[Me]:[Me]:     Incorrect arguments for clear_nickname command
[Me]:[Me]:     Incorrect arguments for clear_nickname command
[Me]:[Me]:     You have cleared your nickname
[Me]:     MiShu has left
[Me]:[Me]:     Incorrect arguments for clear_nickname command
[Me]:[Me]:     Incorrect arguments for rename command
[Me]:[Me]:     Incorrect arguments for rename command
[Me]:[Me]:     Incorrect arguments for rename command
[Me]:[Me]:[Me]:[Me]:[Me]:     You have changed your name to QinWang
[Me]:     MiYue set MiYue's nickname to BaZi
[Me]:[Me]:     Incorrect arguments for rename command
[Me]:[Me]:     Incorrect arguments for rename command
[Me]:[Me]:     Incorrect arguments for mute command
[Me]:[Me]:     Incorrect arguments for mute command
[Me]:[Me]:     Incorrect arguments for mute command
[Me]:[Me]:     Incorrect arguments for mute command
[Me]:[Me]:     Incorrect arguments for mute command
[Me]:[Me]:     User YingDang is now muted
[Me]:[Me]:     Incorrect arguments for unmute command
[Me]:[Me]:     Incorrect arguments for unmute command
[Me]:[Me]:     Incorrect arguments for unmute command
[Me]:[Me]:     Incorrect arguments for unmute command
[Me]:     YingDang has left
[Me]:[Me]:     Incorrect arguments for unmute command
[Me]:[Me]:     Incorrect arguments for show_status command
[Me]:[Me]:     Incorrect arguments for show_status command
[Me]:[Me]:     Incorrect arguments for show_status command
[Me]:[Me]:     Unknown command show_show
[Me]:     Server has disconnected
