[Me]:[Me]:     Steven: Hi
[Me]:     Steven: oops
[Me]: