[Me]:[Me]:     Steven: Hey
[Me]:     Steven: oops
[Me]: