[Me]:     ZhangYi has joined
[Me]:     SuQin has joined
[Me]:     YingDang has joined
[Me]:     YingJi has joined
[Me]:     ZiLan has joined
[Me]:     HuangXie has joined
[Me]:     BaiQi has joined
[Me]:     MiShu has joined
[Me]:     MiYue has joined
[Me]:     MiYue:hi
[Me]:     MiYue:yueer
[Me]:     MiYue:hi
[Me]:     MiShu:hihi
[Me]:     BaiQi:wooo
[Me]:     BaiQi has left
[Me]:     MiYue has left
[Me]:     MiShu:lalala
[Me]:     MiShu:lalalalala
[Me]:     YingJi:YingJi
[Me]:     YingDang:YingDang
[Me]:     ZiLan:ZiLan
[Me]:     SuQin:SuQin
[Me]:     ZhangYi:ZhangYi
[Me]:[Me]:     SuQin:lian heng
[Me]:     YingJi: fighting
[Me]:     YingDang: hualala
[Me]:     ZiLan:so sleepy
[Me]:[Me]:     SuQin:lian heng
[Me]:     YingJi: fighting
[Me]:     YingDang: hualala
[Me]:     ZiLan:so sleepy
[Me]:[Me]:     SuQin:lian heng
[Me]:     YingJi: fighting
[Me]:     YingDang: hualala
[Me]:     ZiLan:so sleepy
[Me]:[Me]:     SuQin:lian heng
[Me]:     YingJi: fighting
[Me]:     YingDang: hualala
[Me]:     ZiLan:so sleepy
[Me]:     ZiLan changed their name to GongZiZiLan
[Me]:     GongZiZiLan has left
[Me]:     Server has disconnected
