[Me]:[Me]:[Me]:[Me]:     MiShu:hihi
[Me]:     BaiQi:wooo
[Me]:     BaiQi has left
[Me]:[Me]:     You have left
