[Me]:     D has joined
[Me]:     C has joined
[Me]:     B has joined
[Me]:     A has joined
[Me]:     A:hi
[Me]:     B has left
[Me]:     C:hi
[Me]:     D:hi
[Me]:[Me]:     Server has disconnected
