[Me]:     ChunChangZai has joined
[Me]:     GuoJinWang has joined
[Me]:     ShenMeizhuang has joined
[Me]:     AnLingRong has joined
[Me]:     ZhenHuan has joined
[Me]:     AnLingRong has left
[Me]:     ShenMeizhuang changed their name to AnLingRong
[Me]:     AnLingRong:blablabla
[Me]:     GuoJinWang:hi
[Me]:     ChunChangZai has left
[Me]:[Me]:     You have changed your name to ChunChangZai
[Me]:[Me]:[Me]:     User GuoJinWang is now muted
[Me]:[Me]:     User GuoJinWang is no longer muted
[Me]:[Me]:     User GuoJinWang is now muted
[Me]:[Me]:     User GuoJinWang is no longer muted
[Me]:[Me]:     User GuoJinWang is now muted
[Me]:[Me]:     User GuoJinWang is no longer muted
[Me]:[Me]:     User GuoJinWang is now muted
[Me]:[Me]:     User GuoJinWang is no longer muted
[Me]:[Me]:     User LiuZhu is now muted
[Me]:[Me]:     User HuanBi is now muted
[Me]:     GuoJinWang:hi
[Me]:[Me]:     User GuoJinWang
[Me]:     User has no nickname
[Me]:     User is not muted
[Me]:[Me]:     User HuanBi
[Me]:     User has no nickname
[Me]:     User is muted
[Me]:[Me]:     You have left
