[Me]:     YingJi has joined
[Me]:     MiShu has joined
[Me]:     MiYue has joined
[Me]:     MiShu set MiShu's nickname to HuangHou
[Me]:     YingJi has cleared YingJi's nickname
[Me]:     MiShu has left
[Me]:     YingJi:set_nickname YingJi HuangHou
[Me]:     YingJi:hahaha
[Me]:     YingJi:set_nickname YingJi QinWang
[Me]:     YingJi changed their name to QinWang
[Me]:     MiYue set MiYue's nickname to BaZi
[Me]:[Me]:[Me]:     You have left
