[Me]:     ShenXingyi has joined
[Me]:     ShenXingyi: hi
[Me]:[Me]:     ShenXingyi has left
[Me]:[Me]:     You have left
