[Me]:     Andy has joined
[Me]:     Andy:  Hallo.
[Me]:[Me]:     Incorrect arguments for set_nickname command
[Me]:     ZhaoYiSheng set Andy's nickname to ANDI
[Me]:     XiaoBaoZong has cleared XiaoBaoZong's nickname
[Me]:     GuanJuer has cleared Andy's nickname
[Me]:     XiaoBaoZong: set_nickname XiaoBaoZong BaoYifan
[Me]:     ZhaoYiSheng changed their name to Zhao
[Me]:     FanShengmei: no artificial ingredients...
[Me]:     GuanJuer: this test has been long enough...
[Me]:     Zhao: yes indeed
[Me]:     XiaoBaoZong: ok bye guys
[Me]:     Zhao has left
[Me]:     XiaoBaoZong has left
[Me]:     Andy has left
[Me]:     FanShengmei has left
[Me]:     GuanJuer has left
[Me]: