[Me]:     ZhaoBaishi has joined
[Me]:     GaoPin has joined
[Me]:     ShenXingyi has joined
[Me]:     ShenXingyi: hi
[Me]:     GaoPin: hallo
[Me]:[Me]:     User ShenXingyi is now muted
[Me]:[Me]:     Incorrect arguments for mute command
[Me]:[Me]:     User ZhaoBaishi is now muted
[Me]:     ChunXing:Yes.
[Me]:     GaoPin:HAHAHA***~~
[Me]:     GaoPin set ShenXingyi's nickname to ErShaoYe
[Me]:     GaoPin set GaoPin's nickname to ShaoDongjia
[Me]:     ShaoDongjia:talk talk talk bia bia bia
[Me]:     GaoPin has left
[Me]:     ChunXing:Ah!
[Me]:     ShenXingyi has left
[Me]:[Me]:     You have left
