[Me]:     Nick has joined
[Me]:     Nick: Hi
[Me]:[Me]:[Me]:     Incorrect arguments for show_status command
[Me]:[Me]:     Nick has left
[Me]: