[Me]:[Me]:     Steven: Hey
[Me]:     Steven set Nick's nickname to Riasanovsky
[Me]:[Me]:[Me]:     Incorrect arguments for clear_nickname command
[Me]:[Me]:[Me]:     Server has disconnected
