[Me]:     ShenXingyi has joined
[Me]:     ShenXingyi: hi
[Me]:[Me]:     ZhaoBaishi:It's a nice day, isn't it?
[Me]:     ChunXing:Yes.
[Me]:     ShenXingyi:No, it's not!
[Me]:[Me]:[Me]:     You set ShenXingyi's nickname to ErShaoYe
[Me]:[Me]:     You set your nickname to ShaoDongjia
[Me]:[Me]:[Me]:     You have left
