[Me]:     AnLingRong has joined
[Me]:     ZhenHuan has joined
[Me]:     AnLingRong has left
[Me]:[Me]:     You have changed your name to AnLingRong
[Me]:[Me]:     ChunChangZai has left
[Me]:     HuaFei changed their name to ChunChangZai
[Me]:     ChunChangZai:is this correct?
[Me]:     LiuZhu:lalala
[Me]:     HuanBi:blablabla
[Me]:     ChunChangZai has left
[Me]:     Server has disconnected
