[Me]:     B has joined
[Me]:     A has joined
[Me]:     A:hi
[Me]:     B has left
[Me]:[Me]:     D:hi
[Me]:     E:hi
[Me]:     Server has disconnected
