[Me]:[Me]:     Steven set Nick's nickname to Juan
[Me]:     Steven: Hi
[Me]:[Me]:[Me]:     Server has disconnected
