[Me]:     A has joined
[Me]:     A:hi
[Me]:[Me]:     You have left
