[Me]:[Me]:     Steven: ok
[Me]:     Steven: oops
[Me]: