[Me]:     GaoPin has joined
[Me]:     ShenXingyi has joined
[Me]:     ShenXingyi:Hi
[Me]:     GaoPin set ShenXingyi's nickname to ChenXiao
[Me]:     ChenXiao:Hi!
[Me]:[Me]:     Incorrect arguments for set_nickname command
[Me]:[Me]:     ShenXingyi set ShenXingyi's nickname to Hallo
[Me]:     Hallo:hi
[Me]:[Me]:     You set your nickname to SunLi
[Me]:[Me]:[Me]:     Server has disconnected
